// Jest Snapshot v1, https://goo.gl/fbAQLP

exports[`CareerPath Component renders correctly 1`] = `
<div
  id="career-path-container"
  style={Object {}}
>
  <div
    className="career-nodes-container center-all-row row"
  >
    <div
      className="career-node-holder col"
    >
      <div
        className="career-node center-all-col"
        onClick={[Function]}
      >
        <p>
          Research Associate at Brandeis University
        </p>
      </div>
      <div
        style={
          Object {
            "borderLeft": "4px solid black",
            "height": "100px",
          }
        }
      />
      <div>
        <div
          className="year-block"
          style={
            Object {
              "backgroundColor": "#9C27B0",
            }
          }
        >
          2010
        </div>
      </div>
      <hr
        style={
          Object {
            "borderTop": "4px solid #9C27B0",
            "width": "100%",
          }
        }
      />
    </div>
    <div
      className="career-node-holder col"
    >
      <div
        className="career-node center-all-col"
        onClick={[Function]}
      >
        <p>
          Research Associate at University of Colorado
        </p>
      </div>
      <div
        style={
          Object {
            "borderLeft": "4px solid black",
            "height": "100px",
          }
        }
      />
      <div>
        <div
          className="year-block"
          style={
            Object {
              "backgroundColor": "#303F9F",
            }
          }
        >
          2017
        </div>
      </div>
      <hr
        style={
          Object {
            "borderTop": "4px solid #303F9F",
            "width": "100%",
          }
        }
      />
    </div>
    <div
      className="career-node-holder col"
    >
      <div
        className="career-node center-all-col"
        onClick={[Function]}
      >
        <p>
          Web Designer / Developer at Granicus Inc.
        </p>
      </div>
      <div
        style={
          Object {
            "borderLeft": "4px solid black",
            "height": "100px",
          }
        }
      />
      <div>
        <div
          className="year-block"
          style={
            Object {
              "backgroundColor": "#03A9F4",
            }
          }
        >
          2019
        </div>
      </div>
      <hr
        style={
          Object {
            "borderTop": "4px solid #03A9F4",
            "width": "100%",
          }
        }
      />
    </div>
    <div
      className="career-node-holder col"
    >
      <div
        className="career-node center-all-col"
        onClick={[Function]}
      >
        <p>
          The Next Step
        </p>
      </div>
      <div
        style={
          Object {
            "borderLeft": "4px solid black",
            "height": "100px",
          }
        }
      />
      <div>
        <div
          className="year-block"
          style={
            Object {
              "backgroundColor": "#4CAF50",
            }
          }
        >
          2020
        </div>
      </div>
      <hr
        style={
          Object {
            "borderTop": "4px solid #4CAF50",
            "width": "100%",
          }
        }
      />
    </div>
  </div>
</div>
`;
