// Jest Snapshot v1, https://goo.gl/fbAQLP

exports[`CareerPath Component renders correctly 1`] = `
<div
  id="career-path-container"
  style={Object {}}
>
  <div
    className="career-nodes-container center-all-row row"
  >
    <div
      className="career-node-holder col"
    >
      <div
        className="career-node center-all-col"
      >
        <p>
          Research Associate at Brandeis University
        </p>
      </div>
      <div
        style={
          Object {
            "borderLeft": "4px solid black",
            "height": "100px",
          }
        }
      />
      <div
        className="left-all-row"
      >
        <div
          className="year-block"
        >
          2010
        </div>
      </div>
    </div>
    <div
      className="career-node-holder col"
    >
      <div
        className="career-node center-all-col"
      >
        <p>
          Research Associate at University of Colorado
        </p>
      </div>
      <div
        style={
          Object {
            "borderLeft": "4px solid black",
            "height": "100px",
          }
        }
      />
      <div
        className="left-all-row"
      >
        <div
          className="year-block"
        >
          2017
        </div>
      </div>
    </div>
    <div
      className="career-node-holder col"
    >
      <div
        className="career-node center-all-col"
      >
        <p>
          Web Designer / Developer at Granicus Inc.
        </p>
      </div>
      <div
        style={
          Object {
            "borderLeft": "4px solid black",
            "height": "100px",
          }
        }
      />
      <div
        className="left-all-row"
      >
        <div
          className="year-block"
        >
          2019
        </div>
      </div>
    </div>
    <div
      className="career-node-holder col"
    >
      <div
        className="career-node center-all-col"
      >
        <p>
          The Next Step
        </p>
      </div>
      <div
        style={
          Object {
            "borderLeft": "4px solid black",
            "height": "100px",
          }
        }
      />
      <div
        className="left-all-row"
      >
        <div
          className="year-block"
        >
          2020
        </div>
      </div>
    </div>
  </div>
</div>
`;
