// Jest Snapshot v1, https://goo.gl/fbAQLP

exports[`CareerNode Component renders correctly 1`] = `
<div
  className="career-node-holder col"
>
  <div
    className="career-node center-all-col"
  >
    <p>
      Research Associate at Brandeis University
    </p>
  </div>
  <div
    style={
      Object {
        "borderLeft": "4px solid black",
        "height": "100px",
      }
    }
  />
  <div
    className="left-all-row"
  >
    <div
      className="year-block"
    >
      2010
    </div>
  </div>
</div>
`;
