// Jest Snapshot v1, https://goo.gl/fbAQLP

exports[`CareerNode Component renders correctly 1`] = `
<div
  className="career-node-holder col"
>
  <div
    className="career-node center-all-col"
    onClick={[Function]}
  >
    <p>
      Research Associate at Brandeis University
    </p>
  </div>
  <div
    style={
      Object {
        "borderLeft": "4px solid black",
        "height": "100px",
      }
    }
  />
  <div>
    <div
      className="year-block"
      style={
        Object {
          "backgroundColor": "undefined",
        }
      }
    >
      2010
    </div>
  </div>
  <hr
    style={
      Object {
        "borderTop": "4px solid undefined",
        "width": "100%",
      }
    }
  />
</div>
`;
