// Jest Snapshot v1, https://goo.gl/fbAQLP

exports[`CareerPath Component renders correctly 1`] = `
<div
  id="career-path-container"
  style={Object {}}
>
  <div
    className="career-nodes-container"
  >
    <div
      className="career-node"
      style={
        Object {
          "image": Object {
            "width": "100px",
          },
          "toolImage": Object {
            "height": "35px",
          },
        }
      }
    >
      <img
        alt="image for Brandeis University"
      />
      <div
        className="tool-image"
        id="BrandeisUniversity-tool0"
      >
        <a
          alt="link to matlab"
          href="https://www.google.com/search?q=matlab"
          target="_blank"
        >
          <img
            alt="no image"
            onMouseLeave={[Function]}
            onMouseOver={[Function]}
            src="matlab.jpeg"
          />
        </a>
      </div>
      <div
        className="tool-image"
        id="BrandeisUniversity-tool1"
      >
        <a
          alt="link to dna"
          href="https://www.google.com/search?q=dna"
          target="_blank"
        >
          <img
            alt="no image"
            onMouseLeave={[Function]}
            onMouseOver={[Function]}
          />
        </a>
      </div>
      <div
        className="tool-image"
        id="BrandeisUniversity-tool2"
      >
        <a
          alt="link to microscope"
          href="https://www.google.com/search?q=microscope"
          target="_blank"
        >
          <img
            alt="no image"
            onMouseLeave={[Function]}
            onMouseOver={[Function]}
          />
        </a>
      </div>
    </div>
    <div
      className="career-node"
      style={
        Object {
          "image": Object {
            "width": "100px",
          },
          "toolImage": Object {
            "height": "35px",
          },
        }
      }
    >
      <img
        alt="image for University of colorado"
      />
      <div
        className="tool-image"
        id="Universityofcolorado-tool0"
      >
        <a
          alt="link to matlab"
          href="https://www.google.com/search?q=matlab"
          target="_blank"
        >
          <img
            alt="no image"
            onMouseLeave={[Function]}
            onMouseOver={[Function]}
            src="matlab.jpeg"
          />
        </a>
      </div>
      <div
        className="tool-image"
        id="Universityofcolorado-tool1"
      >
        <a
          alt="link to dna"
          href="https://www.google.com/search?q=dna"
          target="_blank"
        >
          <img
            alt="no image"
            onMouseLeave={[Function]}
            onMouseOver={[Function]}
          />
        </a>
      </div>
      <div
        className="tool-image"
        id="Universityofcolorado-tool2"
      >
        <a
          alt="link to microscope"
          href="https://www.google.com/search?q=microscope"
          target="_blank"
        >
          <img
            alt="no image"
            onMouseLeave={[Function]}
            onMouseOver={[Function]}
          />
        </a>
      </div>
    </div>
    <div
      className="career-node"
      style={
        Object {
          "image": Object {
            "width": "100px",
          },
          "toolImage": Object {
            "height": "35px",
          },
        }
      }
    >
      <img
        alt="image for Granicus Inc."
      />
      <div
        className="tool-image"
        id="GranicusInc.-tool0"
      >
        <a
          alt="link to html5"
          href="https://www.google.com/search?q=html5"
          target="_blank"
        >
          <img
            alt="no image"
            onMouseLeave={[Function]}
            onMouseOver={[Function]}
            src="html5.png"
          />
        </a>
      </div>
      <div
        className="tool-image"
        id="GranicusInc.-tool1"
      >
        <a
          alt="link to css3"
          href="https://www.google.com/search?q=css3"
          target="_blank"
        >
          <img
            alt="no image"
            onMouseLeave={[Function]}
            onMouseOver={[Function]}
            src="css3.png"
          />
        </a>
      </div>
      <div
        className="tool-image"
        id="GranicusInc.-tool2"
      >
        <a
          alt="link to javasript"
          href="https://www.google.com/search?q=javasript"
          target="_blank"
        >
          <img
            alt="no image"
            onMouseLeave={[Function]}
            onMouseOver={[Function]}
          />
        </a>
      </div>
      <div
        className="tool-image"
        id="GranicusInc.-tool3"
      >
        <a
          alt="link to php"
          href="https://www.google.com/search?q=php"
          target="_blank"
        >
          <img
            alt="no image"
            onMouseLeave={[Function]}
            onMouseOver={[Function]}
            src="php.png"
          />
        </a>
      </div>
      <div
        className="tool-image"
        id="GranicusInc.-tool4"
      >
        <a
          alt="link to jira"
          href="https://www.google.com/search?q=jira"
          target="_blank"
        >
          <img
            alt="no image"
            onMouseLeave={[Function]}
            onMouseOver={[Function]}
            src="jira.png"
          />
        </a>
      </div>
    </div>
    <div
      className="career-node"
      style={
        Object {
          "image": Object {
            "width": "100px",
          },
          "toolImage": Object {
            "height": "35px",
          },
        }
      }
    >
      <img
        alt="image for The Next Step"
      />
      <div
        className="tool-image"
        id="TheNextStep-tool0"
      >
        <a
          alt="link to html5"
          href="https://www.google.com/search?q=html5"
          target="_blank"
        >
          <img
            alt="no image"
            onMouseLeave={[Function]}
            onMouseOver={[Function]}
            src="html5.png"
          />
        </a>
      </div>
      <div
        className="tool-image"
        id="TheNextStep-tool1"
      >
        <a
          alt="link to css3"
          href="https://www.google.com/search?q=css3"
          target="_blank"
        >
          <img
            alt="no image"
            onMouseLeave={[Function]}
            onMouseOver={[Function]}
            src="css3.png"
          />
        </a>
      </div>
      <div
        className="tool-image"
        id="TheNextStep-tool2"
      >
        <a
          alt="link to javascript"
          href="https://www.google.com/search?q=javascript"
          target="_blank"
        >
          <img
            alt="no image"
            onMouseLeave={[Function]}
            onMouseOver={[Function]}
            src="javascript.png"
          />
        </a>
      </div>
      <div
        className="tool-image"
        id="TheNextStep-tool3"
      >
        <a
          alt="link to reactjs"
          href="https://www.google.com/search?q=reactjs"
          target="_blank"
        >
          <img
            alt="no image"
            onMouseLeave={[Function]}
            onMouseOver={[Function]}
            src="react.png"
          />
        </a>
      </div>
      <div
        className="tool-image"
        id="TheNextStep-tool4"
      >
        <a
          alt="link to nodejs"
          href="https://www.google.com/search?q=nodejs"
          target="_blank"
        >
          <img
            alt="no image"
            onMouseLeave={[Function]}
            onMouseOver={[Function]}
            src="nodejs.png"
          />
        </a>
      </div>
    </div>
  </div>
</div>
`;
